#-----------------------------------------------------------
# Vivado v2015.2 (64-bit)
# SW Build 1266856 on Fri Jun 26 16:35:25 MDT 2015
# IP Build 1264090 on Wed Jun 24 14:22:01 MDT 2015
# Start of session at: Sun Dec 25 14:19:58 2016
# Process ID: 3808
# Log file: D:/Users/TEMP.PCLABS/Desktop/24.12.2016/yrk/23.12.2016/32/ljk/MorseNew/vivado.log
# Journal file: D:/Users/TEMP.PCLABS/Desktop/24.12.2016/yrk/23.12.2016/32/ljk/MorseNew\vivado.jou
#-----------------------------------------------------------
start_gui
open_project D:/Users/TEMP.PCLABS/Desktop/24.12.2016/yrk/23.12.2016/32/ljk/MorseNew/MorseNew.xpr
open_hw
connect_hw_server
open_hw_target [lindex [get_hw_targets -of_objects [get_hw_servers localhost]] 0]
set_property PROGRAM.FILE {D:/Users/TEMP.PCLABS/Desktop/24.12.2016/yrk/23.12.2016/32/ljk/MorseNew/MorseNew.runs/impl_1/MorseCode.bit} [lindex [get_hw_devices] 0]
current_hw_device [lindex [get_hw_devices] 0]
refresh_hw_device -update_hw_probes false [lindex [get_hw_devices] 0]
set_property PROBES.FILE {} [lindex [get_hw_devices] 0]
set_property PROGRAM.FILE {D:/Users/TEMP.PCLABS/Desktop/24.12.2016/yrk/23.12.2016/32/ljk/MorseNew/MorseNew.runs/impl_1/MorseCode.bit} [lindex [get_hw_devices] 0]
program_hw_devices [lindex [get_hw_devices] 0]
refresh_hw_device [lindex [get_hw_devices] 0]
